
> ruleta-apuestas@1.0.0 build
> next build

  ▲ Next.js 14.2.30

   Creating an optimized production build ...
 ✓ Compiled successfully
   Linting and checking validity of types ...
